hello.cpp 9: AboutF facts check started
hello.cpp 9: AboutF facts check ended
hello.cpp 19: AboutG facts check started
[1;31mhello.cpp/AboutG 21: 23 {=23} == g(10) {=17} is fiction[0m
[1;32mDebug facts_AboutG_function on line 19 of file hello.cpp with a breakpoint on line 21.[0m
For example in gdb:
break facts_AboutG_function
break "hello.cpp":21
run --facts_include AboutG
continue
print 23
print g(10)
print (23) == (g(10))

hello.cpp 19: AboutG facts check ended [1;31mbadly[0m
facts summary.
facts check AboutF [1;32mpassed[0m
facts check AboutG [1;31mfailed[0m
3 (75.0%) truths and 1 (25.0%) fictions checked.
