<?xml version="1.0" encoding="UTF-8"?>
<testsuite name="facts">
<testcase name="Alpha">
<system-out>test/testfacts.cpp 3: Alpha facts check started
[1;31mtest/testfacts.cpp/Alpha 4: 'c' {=c} <= 'b' {=b} is fiction[0m
[1;32m(gdb)[0m break facts_Alpha_function
[1;32m(gdb)[0m run --facts_include=Alpha
test/testfacts.cpp 3: Alpha facts check ended [1;31mbadly[0m
</system-out>
<failure>See stdout</failure>
</testcase>

<testcase name="Integer">
<system-out>test/testfacts.cpp 7: Integer facts check started
[1;31mtest/testfacts.cpp/Integer 9: a {=1} == b {=2} is fiction[0m
[1;32m(gdb)[0m break facts_Integer_function
[1;32m(gdb)[0m run --facts_include=Integer
test/testfacts.cpp 7: Integer facts check ended [1;31mbadly[0m
</system-out>
<failure>See stdout</failure>
</testcase>

<testcase name="Double">
<system-out>test/testfacts.cpp 12: Double facts check started
[1;31mtest/testfacts.cpp/Double 14: a {=1.3} == b {=2.4} is fiction[0m
[1;32m(gdb)[0m break facts_Double_function
[1;32m(gdb)[0m run --facts_include=Double
test/testfacts.cpp 12: Double facts check ended [1;31mbadly[0m
</system-out>
<failure>See stdout</failure>
</testcase>

<testcase name="Err">
<system-out>test/testfacts.cpp 17: Err facts check started
test/testfacts.cpp 17: Err facts check ended
</system-out>
<system-err>message to cerr.
</system-err>
</testcase>

<testcase name="LargeErr">
<system-out>test/testfacts.cpp 21: LargeErr facts check started
test/testfacts.cpp 21: LargeErr facts check ended
</system-out>
<system-err>message #0 to cerr.
message #1 to cerr.
message #2 to cerr.
message #3 to cerr.
message #4 to cerr.
message #5 to cerr.
message #6 to cerr.
message #7 to cerr.
message #8 to cerr.
message #9 to cerr.
message #10 to cerr.
message #11 to cerr.
message #12 to cerr.
message #13 to cerr.
message #14 to cerr.
message #15 to cerr.
message #16 to cerr.
message #17 to cerr.
message #18 to cerr.
message #19 to cerr.
message #20 to cerr.
message #21 to cerr.
message #22 to cerr.
message #23 to cerr.
message #24 to cerr.
message #25 to cerr.
message #26 to cerr.
message #27 to cerr.
message #28 to cerr.
message #29 to cerr.
message #30 to cerr.
message #31 to cerr.
message #32 to cerr.
message #33 to cerr.
message #34 to cerr.
message #35 to cerr.
message #36 to cerr.
message #37 to cerr.
message #38 to cerr.
message #39 to cerr.
message #40 to cerr.
message #41 to cerr.
message #42 to cerr.
message #43 to cerr.
message #44 to cerr.
message #45 to cerr.
message #46 to cerr.
message #47 to cerr.
message #48 to cerr.
message #49 to cerr.
message #50 to cerr.
message #51 to cerr.
message #52 to cerr.
message #53 to cerr.
message #54 to cerr.
message #55 to cerr.
message #56 to cerr.
message #57 to cerr.
message #58 to cerr.
message #59 to cerr.
message #60 to cerr.
message #61 to cerr.
message #62 to cerr.
message #63 to cerr.
message #64 to cerr.
message #65 to cerr.
message #66 to cerr.
message #67 to cerr.
message #68 to cerr.
message #69 to cerr.
message #70 to cerr.
message #71 to cerr.
message #72 to cerr.
message #73 to cerr.
message #74 to cerr.
message #75 to cerr.
message #76 to cerr.
message #77 to cerr.
message #78 to cerr.
message #79 to cerr.
message #80 to cerr.
message #81 to cerr.
message #82 to cerr.
message #83 to cerr.
message #84 to cerr.
message #85 to cerr.
message #86 to cerr.
message #87 to cerr.
message #88 to cerr.
message #89 to cerr.
message #90 to cerr.
message #91 to cerr.
message #92 to cerr.
message #93 to cerr.
message #94 to cerr.
message #95 to cerr.
message #96 to cerr.
message #97 to cerr.
message #98 to cerr.
message #99 to cerr.
</system-err>
</testcase>

<testcase name="Out">
<system-out>test/testfacts.cpp 27: Out facts check started
message to cout.
test/testfacts.cpp 27: Out facts check ended
</system-out>
</testcase>

</testsuite>
