<?xml version="1.0" encoding="UTF-8"?>
<testsuite name="facts">
<testcase name="Alpha">
<system-out>test/testfacts.c 3: Alpha facts check started
[1;31mtest/testfacts.c/Alpha 4: 'c' {=c} <= 'b' {=b} is fiction[0m
[1;32m(gdb)[0m break facts_Alpha_function
[1;32m(gdb)[0m run --facts_include=Alpha
test/testfacts.c 3: Alpha facts check ended [1;31mbadly[0m
</system-out>
<failure>See stdout</failure>
</testcase>

<testcase name="Integer">
<system-out>test/testfacts.c 7: Integer facts check started
[1;31mtest/testfacts.c/Integer 9: a {=1} == b {=2} is fiction[0m
[1;32m(gdb)[0m break facts_Integer_function
[1;32m(gdb)[0m run --facts_include=Integer
test/testfacts.c 7: Integer facts check ended [1;31mbadly[0m
</system-out>
<failure>See stdout</failure>
</testcase>

<testcase name="Double">
<system-out>test/testfacts.c 12: Double facts check started
[1;31mtest/testfacts.c/Double 14: a {=1.3} == b {=2.4} is fiction[0m
[1;32m(gdb)[0m break facts_Double_function
[1;32m(gdb)[0m run --facts_include=Double
test/testfacts.c 12: Double facts check ended [1;31mbadly[0m
</system-out>
<failure>See stdout</failure>
</testcase>

<testcase name="Err">
<system-out>test/testfacts.c 17: Err facts check started
test/testfacts.c 17: Err facts check ended
</system-out>
<system-err>message to stderr.
</system-err>
</testcase>

<testcase name="LargeErr">
<system-out>test/testfacts.c 21: LargeErr facts check started
test/testfacts.c 21: LargeErr facts check ended
</system-out>
<system-err>message #0 to stderr.
message #1 to stderr.
message #2 to stderr.
message #3 to stderr.
message #4 to stderr.
message #5 to stderr.
message #6 to stderr.
message #7 to stderr.
message #8 to stderr.
message #9 to stderr.
message #10 to stderr.
message #11 to stderr.
message #12 to stderr.
message #13 to stderr.
message #14 to stderr.
message #15 to stderr.
message #16 to stderr.
message #17 to stderr.
message #18 to stderr.
message #19 to stderr.
message #20 to stderr.
message #21 to stderr.
message #22 to stderr.
message #23 to stderr.
message #24 to stderr.
message #25 to stderr.
message #26 to stderr.
message #27 to stderr.
message #28 to stderr.
message #29 to stderr.
message #30 to stderr.
message #31 to stderr.
message #32 to stderr.
message #33 to stderr.
message #34 to stderr.
message #35 to stderr.
message #36 to stderr.
message #37 to stderr.
message #38 to stderr.
message #39 to stderr.
message #40 to stderr.
message #41 to stderr.
message #42 to stderr.
message #43 to stderr.
message #44 to stderr.
message #45 to stderr.
message #46 to stderr.
message #47 to stderr.
message #48 to stderr.
message #49 to stderr.
message #50 to stderr.
message #51 to stderr.
message #52 to stderr.
message #53 to stderr.
message #54 to stderr.
message #55 to stderr.
message #56 to stderr.
message #57 to stderr.
message #58 to stderr.
message #59 to stderr.
message #60 to stderr.
message #61 to stderr.
message #62 to stderr.
message #63 to stderr.
message #64 to stderr.
message #65 to stderr.
message #66 to stderr.
message #67 to stderr.
message #68 to stderr.
message #69 to stderr.
message #70 to stderr.
message #71 to stderr.
message #72 to stderr.
message #73 to stderr.
message #74 to stderr.
message #75 to stderr.
message #76 to stderr.
message #77 to stderr.
message #78 to stderr.
message #79 to stderr.
message #80 to stderr.
message #81 to stderr.
message #82 to stderr.
message #83 to stderr.
message #84 to stderr.
message #85 to stderr.
message #86 to stderr.
message #87 to stderr.
message #88 to stderr.
message #89 to stderr.
message #90 to stderr.
message #91 to stderr.
message #92 to stderr.
message #93 to stderr.
message #94 to stderr.
message #95 to stderr.
message #96 to stderr.
message #97 to stderr.
message #98 to stderr.
message #99 to stderr.
</system-err>
</testcase>

<testcase name="Out">
<system-out>test/testfacts.c 27: Out facts check started
message to stderr.
test/testfacts.c 27: Out facts check ended
</system-out>
</testcase>

</testsuite>
